in_source: |-
  (defvar a)
  (loop_while (setq a (read_char))
      (print_char a)
  )

in_stdin: |-
  This is cat test
out_stdout: |
  ============================================================
  program counter: 19, ticks: 239.
  Вывод:
  This is cat test

out_code: |-
  [
    {
      "index": 19,
      "opcode": "jump",
      "arg": 0,
      "term": null
    },
    {
      "index": 1,
      "opcode": "push",
      "arg": 0,
      "term": "defvar"
    },
    {
      "index": 0,
      "opcode": "push",
      "arg": 1,
      "term": "defvar"
    },
    {
      "index": 2,
      "opcode": "store",
      "arg": null,
      "term": "defvar"
    },
    {
      "index": 3,
      "opcode": "pop",
      "arg": null,
      "term": "(top-level expression)"
    },
    {
      "index": 5,
      "opcode": "read",
      "arg": 0,
      "term": "read_char"
    },
    {
      "index": 4,
      "opcode": "push",
      "arg": 1,
      "term": "setq"
    },
    {
      "index": 6,
      "opcode": "store",
      "arg": null,
      "term": "setq"
    },
    {
      "index": 12,
      "opcode": "flags",
      "arg": null,
      "term": "loop_while"
    },
    {
      "index": 13,
      "opcode": "pop",
      "arg": null,
      "term": "loop_while"
    },
    {
      "index": 14,
      "opcode": "jump_zero",
      "arg": 6,
      "term": "loop_while"
    },
    {
      "index": 7,
      "opcode": "push",
      "arg": 1,
      "term": "(variable: a)"
    },
    {
      "index": 8,
      "opcode": "load",
      "arg": null,
      "term": "(variable: a)"
    },
    {
      "index": 9,
      "opcode": "dup",
      "arg": null,
      "term": "print_char"
    },
    {
      "index": 10,
      "opcode": "write",
      "arg": 0,
      "term": "print_char"
    },
    {
      "index": 11,
      "opcode": "pop",
      "arg": null,
      "term": "loop_while"
    },
    {
      "index": 15,
      "opcode": "jump",
      "arg": -12,
      "term": "loop_while"
    },
    {
      "index": 16,
      "opcode": "push",
      "arg": 0,
      "term": "loop_while"
    },
    {
      "index": 17,
      "opcode": "pop",
      "arg": null,
      "term": "(top-level expression)"
    },
    {
      "index": 18,
      "opcode": "halt",
      "arg": null,
      "term": null
    }
  ]
out_log: |
  DEBUG    root:machine.py:24 TICK:   0,  PC:   0,  AR:   0,  MEM_OUT:   0,  TOS: []                    ,    jump 0    
  DEBUG    root:machine.py:27 TICK:   1,  PC:   1,  AR:   0,  MEM_OUT:   0,  TOS: []                    ,    push 0     // defvar
  DEBUG    root:machine.py:27 TICK:   2,  PC:   2,  AR:   0,  MEM_OUT:   0,  TOS: [0]                   ,    push 1     // defvar
  DEBUG    root:machine.py:27 TICK:   3,  PC:   3,  AR:   0,  MEM_OUT:   0,  TOS: [1, 0]                ,    store      // defvar
  DEBUG    root:machine.py:27 TICK:   5,  PC:   4,  AR:   1,  MEM_OUT:   0,  TOS: [0]                   ,    pop        // (top-level expression)
  DEBUG    root:machine.py:27 TICK:   6,  PC:   5,  AR:   1,  MEM_OUT:   0,  TOS: []                    ,    read 0     // read_char
  DEBUG    root:data_path.py:34 ввод: T
  DEBUG    root:machine.py:27 TICK:   7,  PC:   6,  AR:   1,  MEM_OUT:   0,  TOS: [84]                  ,    push 1     // setq
  DEBUG    root:machine.py:27 TICK:   8,  PC:   7,  AR:   1,  MEM_OUT:   0,  TOS: [1, 84]               ,    store      // setq
  DEBUG    root:machine.py:27 TICK:  10,  PC:   8,  AR:   1,  MEM_OUT:  84,  TOS: [84]                  ,    flags      // loop_while
  DEBUG    root:machine.py:27 TICK:  11,  PC:   9,  AR:   1,  MEM_OUT:  84,  TOS: [84]                  ,    pop        // loop_while
  DEBUG    root:machine.py:27 TICK:  12,  PC:  10,  AR:   1,  MEM_OUT:  84,  TOS: []                    ,    jump_zero 6 // loop_while
  DEBUG    root:machine.py:27 TICK:  13,  PC:  11,  AR:   1,  MEM_OUT:  84,  TOS: []                    ,    push 1     // (variable: a)
  DEBUG    root:machine.py:27 TICK:  14,  PC:  12,  AR:   1,  MEM_OUT:  84,  TOS: [1]                   ,    load       // (variable: a)
  DEBUG    root:machine.py:27 TICK:  16,  PC:  13,  AR:   1,  MEM_OUT:  84,  TOS: [84]                  ,    dup        // print_char
  DEBUG    root:machine.py:27 TICK:  17,  PC:  14,  AR:   1,  MEM_OUT:  84,  TOS: [84, 84]              ,    write 0    // print_char
  DEBUG    root:control_unit.py:79 вывод: T
  DEBUG    root:machine.py:27 TICK:  18,  PC:  15,  AR:   1,  MEM_OUT:  84,  TOS: [84]                  ,    pop        // loop_while
  DEBUG    root:machine.py:27 TICK:  19,  PC:  16,  AR:   1,  MEM_OUT:  84,  TOS: []                    ,    jump -12   // loop_while
  DEBUG    root:machine.py:27 TICK:  20,  PC:   5,  AR:   1,  MEM_OUT:  84,  TOS: []                    ,    read 0     // read_char
  DEBUG    root:data_path.py:34 ввод: h
  DEBUG    root:machine.py:27 TICK:  21,  PC:   6,  AR:   1,  MEM_OUT:  84,  TOS: [104]                 ,    push 1     // setq
  DEBUG    root:machine.py:27 TICK:  22,  PC:   7,  AR:   1,  MEM_OUT:  84,  TOS: [1, 104]              ,    store      // setq
  DEBUG    root:machine.py:27 TICK:  24,  PC:   8,  AR:   1,  MEM_OUT: 104,  TOS: [104]                 ,    flags      // loop_while
  DEBUG    root:machine.py:27 TICK:  25,  PC:   9,  AR:   1,  MEM_OUT: 104,  TOS: [104]                 ,    pop        // loop_while
  DEBUG    root:machine.py:27 TICK:  26,  PC:  10,  AR:   1,  MEM_OUT: 104,  TOS: []                    ,    jump_zero 6 // loop_while
  DEBUG    root:machine.py:27 TICK:  27,  PC:  11,  AR:   1,  MEM_OUT: 104,  TOS: []                    ,    push 1     // (variable: a)
  DEBUG    root:machine.py:27 TICK:  28,  PC:  12,  AR:   1,  MEM_OUT: 104,  TOS: [1]                   ,    load       // (variable: a)
  DEBUG    root:machine.py:27 TICK:  30,  PC:  13,  AR:   1,  MEM_OUT: 104,  TOS: [104]                 ,    dup        // print_char
  DEBUG    root:machine.py:27 TICK:  31,  PC:  14,  AR:   1,  MEM_OUT: 104,  TOS: [104, 104]            ,    write 0    // print_char
  DEBUG    root:control_unit.py:79 вывод: h
  DEBUG    root:machine.py:27 TICK:  32,  PC:  15,  AR:   1,  MEM_OUT: 104,  TOS: [104]                 ,    pop        // loop_while
  DEBUG    root:machine.py:27 TICK:  33,  PC:  16,  AR:   1,  MEM_OUT: 104,  TOS: []                    ,    jump -12   // loop_while
  DEBUG    root:machine.py:27 TICK:  34,  PC:   5,  AR:   1,  MEM_OUT: 104,  TOS: []                    ,    read 0     // read_char
  DEBUG    root:data_path.py:34 ввод: i
  DEBUG    root:machine.py:27 TICK:  35,  PC:   6,  AR:   1,  MEM_OUT: 104,  TOS: [105]                 ,    push 1     // setq
  DEBUG    root:machine.py:27 TICK:  36,  PC:   7,  AR:   1,  MEM_OUT: 104,  TOS: [1, 105]              ,    store      // setq
  DEBUG    root:machine.py:27 TICK:  38,  PC:   8,  AR:   1,  MEM_OUT: 105,  TOS: [105]                 ,    flags      // loop_while
  DEBUG    root:machine.py:27 TICK:  39,  PC:   9,  AR:   1,  MEM_OUT: 105,  TOS: [105]                 ,    pop        // loop_while
  DEBUG    root:machine.py:27 TICK:  40,  PC:  10,  AR:   1,  MEM_OUT: 105,  TOS: []                    ,    jump_zero 6 // loop_while
  DEBUG    root:machine.py:27 TICK:  41,  PC:  11,  AR:   1,  MEM_OUT: 105,  TOS: []                    ,    push 1     // (variable: a)
  DEBUG    root:machine.py:27 TICK:  42,  PC:  12,  AR:   1,  MEM_OUT: 105,  TOS: [1]                   ,    load       // (variable: a)
  DEBUG    root:machine.py:27 TICK:  44,  PC:  13,  AR:   1,  MEM_OUT: 105,  TOS: [105]                 ,    dup        // print_char
  DEBUG    root:machine.py:27 TICK:  45,  PC:  14,  AR:   1,  MEM_OUT: 105,  TOS: [105, 105]            ,    write 0    // print_char
  DEBUG    root:control_unit.py:79 вывод: i
  DEBUG    root:machine.py:27 TICK:  46,  PC:  15,  AR:   1,  MEM_OUT: 105,  TOS: [105]                 ,    pop        // loop_while
  DEBUG    root:machine.py:27 TICK:  47,  PC:  16,  AR:   1,  MEM_OUT: 105,  TOS: []                    ,    jump -12   // loop_while
  DEBUG    root:machine.py:27 TICK:  48,  PC:   5,  AR:   1,  MEM_OUT: 105,  TOS: []                    ,    read 0     // read_char
  DEBUG    root:data_path.py:34 ввод: s
  DEBUG    root:machine.py:27 TICK:  49,  PC:   6,  AR:   1,  MEM_OUT: 105,  TOS: [115]                 ,    push 1     // setq
  DEBUG    root:machine.py:27 TICK:  50,  PC:   7,  AR:   1,  MEM_OUT: 105,  TOS: [1, 115]              ,    store      // setq
  DEBUG    root:machine.py:27 TICK:  52,  PC:   8,  AR:   1,  MEM_OUT: 115,  TOS: [115]                 ,    flags      // loop_while
  DEBUG    root:machine.py:27 TICK:  53,  PC:   9,  AR:   1,  MEM_OUT: 115,  TOS: [115]                 ,    pop        // loop_while
  DEBUG    root:machine.py:27 TICK:  54,  PC:  10,  AR:   1,  MEM_OUT: 115,  TOS: []                    ,    jump_zero 6 // loop_while
  DEBUG    root:machine.py:27 TICK:  55,  PC:  11,  AR:   1,  MEM_OUT: 115,  TOS: []                    ,    push 1     // (variable: a)
  DEBUG    root:machine.py:27 TICK:  56,  PC:  12,  AR:   1,  MEM_OUT: 115,  TOS: [1]                   ,    load       // (variable: a)
  DEBUG    root:machine.py:27 TICK:  58,  PC:  13,  AR:   1,  MEM_OUT: 115,  TOS: [115]                 ,    dup        // print_char
  DEBUG    root:machine.py:27 TICK:  59,  PC:  14,  AR:   1,  MEM_OUT: 115,  TOS: [115, 115]            ,    write 0    // print_char
  DEBUG    root:control_unit.py:79 вывод: s
  DEBUG    root:machine.py:27 TICK:  60,  PC:  15,  AR:   1,  MEM_OUT: 115,  TOS: [115]                 ,    pop        // loop_while
  DEBUG    root:machine.py:27 TICK:  61,  PC:  16,  AR:   1,  MEM_OUT: 115,  TOS: []                    ,    jump -12   // loop_while
  DEBUG    root:machine.py:27 TICK:  62,  PC:   5,  AR:   1,  MEM_OUT: 115,  TOS: []                    ,    read 0     // read_char
  DEBUG    root:data_path.py:34 ввод:  
  DEBUG    root:machine.py:27 TICK:  63,  PC:   6,  AR:   1,  MEM_OUT: 115,  TOS: [32]                  ,    push 1     // setq
  DEBUG    root:machine.py:27 TICK:  64,  PC:   7,  AR:   1,  MEM_OUT: 115,  TOS: [1, 32]               ,    store      // setq
  DEBUG    root:machine.py:27 TICK:  66,  PC:   8,  AR:   1,  MEM_OUT:  32,  TOS: [32]                  ,    flags      // loop_while
  DEBUG    root:machine.py:27 TICK:  67,  PC:   9,  AR:   1,  MEM_OUT:  32,  TOS: [32]                  ,    pop        // loop_while
  DEBUG    root:machine.py:27 TICK:  68,  PC:  10,  AR:   1,  MEM_OUT:  32,  TOS: []                    ,    jump_zero 6 // loop_while
  DEBUG    root:machine.py:27 TICK:  69,  PC:  11,  AR:   1,  MEM_OUT:  32,  TOS: []                    ,    push 1     // (variable: a)
  DEBUG    root:machine.py:27 TICK:  70,  PC:  12,  AR:   1,  MEM_OUT:  32,  TOS: [1]                   ,    load       // (variable: a)
  DEBUG    root:machine.py:27 TICK:  72,  PC:  13,  AR:   1,  MEM_OUT:  32,  TOS: [32]                  ,    dup        // print_char
  DEBUG    root:machine.py:27 TICK:  73,  PC:  14,  AR:   1,  MEM_OUT:  32,  TOS: [32, 32]              ,    write 0    // print_char
  DEBUG    root:control_unit.py:79 вывод:  
  DEBUG    root:machine.py:27 TICK:  74,  PC:  15,  AR:   1,  MEM_OUT:  32,  TOS: [32]                  ,    pop        // loop_while
  DEBUG    root:machine.py:27 TICK:  75,  PC:  16,  AR:   1,  MEM_OUT:  32,  TOS: []                    ,    jump -12   // loop_while
  DEBUG    root:machine.py:27 TICK:  76,  PC:   5,  AR:   1,  MEM_OUT:  32,  TOS: []                    ,    read 0     // read_char
  DEBUG    root:data_path.py:34 ввод: i
  DEBUG    root:machine.py:27 TICK:  77,  PC:   6,  AR:   1,  MEM_OUT:  32,  TOS: [105]                 ,    push 1     // setq
  DEBUG    root:machine.py:27 TICK:  78,  PC:   7,  AR:   1,  MEM_OUT:  32,  TOS: [1, 105]              ,    store      // setq
  DEBUG    root:machine.py:27 TICK:  80,  PC:   8,  AR:   1,  MEM_OUT: 105,  TOS: [105]                 ,    flags      // loop_while
  DEBUG    root:machine.py:27 TICK:  81,  PC:   9,  AR:   1,  MEM_OUT: 105,  TOS: [105]                 ,    pop        // loop_while
  DEBUG    root:machine.py:27 TICK:  82,  PC:  10,  AR:   1,  MEM_OUT: 105,  TOS: []                    ,    jump_zero 6 // loop_while
  DEBUG    root:machine.py:27 TICK:  83,  PC:  11,  AR:   1,  MEM_OUT: 105,  TOS: []                    ,    push 1     // (variable: a)
  DEBUG    root:machine.py:27 TICK:  84,  PC:  12,  AR:   1,  MEM_OUT: 105,  TOS: [1]                   ,    load       // (variable: a)
  DEBUG    root:machine.py:27 TICK:  86,  PC:  13,  AR:   1,  MEM_OUT: 105,  TOS: [105]                 ,    dup        // print_char
  DEBUG    root:machine.py:27 TICK:  87,  PC:  14,  AR:   1,  MEM_OUT: 105,  TOS: [105, 105]            ,    write 0    // print_char
  DEBUG    root:control_unit.py:79 вывод: i
  DEBUG    root:machine.py:27 TICK:  88,  PC:  15,  AR:   1,  MEM_OUT: 105,  TOS: [105]                 ,    pop        // loop_while
  DEBUG    root:machine.py:27 TICK:  89,  PC:  16,  AR:   1,  MEM_OUT: 105,  TOS: []                    ,    jump -12   // loop_while
  DEBUG    root:machine.py:27 TICK:  90,  PC:   5,  AR:   1,  MEM_OUT: 105,  TOS: []                    ,    read 0     // read_char
  DEBUG    root:data_path.py:34 ввод: s
  DEBUG    root:machine.py:27 TICK:  91,  PC:   6,  AR:   1,  MEM_OUT: 105,  TOS: [115]                 ,    push 1     // setq
  DEBUG    root:machine.py:27 TICK:  92,  PC:   7,  AR:   1,  MEM_OUT: 105,  TOS: [1, 115]              ,    store      // setq
  DEBUG    root:machine.py:27 TICK:  94,  PC:   8,  AR:   1,  MEM_OUT: 115,  TOS: [115]                 ,    flags      // loop_while
  DEBUG    root:machine.py:27 TICK:  95,  PC:   9,  AR:   1,  MEM_OUT: 115,  TOS: [115]                 ,    pop        // loop_while
  DEBUG    root:machine.py:27 TICK:  96,  PC:  10,  AR:   1,  MEM_OUT: 115,  TOS: []                    ,    jump_zero 6 // loop_while
  DEBUG    root:machine.py:27 TICK:  97,  PC:  11,  AR:   1,  MEM_OUT: 115,  TOS: []                    ,    push 1     // (variable: a)
  DEBUG    root:machine.py:27 TICK:  98,  PC:  12,  AR:   1,  MEM_OUT: 115,  TOS: [1]                   ,    load       // (variable: a)
  DEBUG    root:machine.py:27 TICK: 100,  PC:  13,  AR:   1,  MEM_OUT: 115,  TOS: [115]                 ,    dup        // print_char
  DEBUG    root:machine.py:27 TICK: 101,  PC:  14,  AR:   1,  MEM_OUT: 115,  TOS: [115, 115]            ,    write 0    // print_char
  DEBUG    root:control_unit.py:79 вывод: s
  DEBUG    root:machine.py:27 TICK: 102,  PC:  15,  AR:   1,  MEM_OUT: 115,  TOS: [115]                 ,    pop        // loop_while
  DEBUG    root:machine.py:27 TICK: 103,  PC:  16,  AR:   1,  MEM_OUT: 115,  TOS: []                    ,    jump -12   // loop_while
  DEBUG    root:machine.py:27 TICK: 104,  PC:   5,  AR:   1,  MEM_OUT: 115,  TOS: []                    ,    read 0     // read_char
  DEBUG    root:data_path.py:34 ввод:  
  DEBUG    root:machine.py:27 TICK: 105,  PC:   6,  AR:   1,  MEM_OUT: 115,  TOS: [32]                  ,    push 1     // setq
  DEBUG    root:machine.py:27 TICK: 106,  PC:   7,  AR:   1,  MEM_OUT: 115,  TOS: [1, 32]               ,    store      // setq
  DEBUG    root:machine.py:27 TICK: 108,  PC:   8,  AR:   1,  MEM_OUT:  32,  TOS: [32]                  ,    flags      // loop_while
  DEBUG    root:machine.py:27 TICK: 109,  PC:   9,  AR:   1,  MEM_OUT:  32,  TOS: [32]                  ,    pop        // loop_while
  DEBUG    root:machine.py:27 TICK: 110,  PC:  10,  AR:   1,  MEM_OUT:  32,  TOS: []                    ,    jump_zero 6 // loop_while
  DEBUG    root:machine.py:27 TICK: 111,  PC:  11,  AR:   1,  MEM_OUT:  32,  TOS: []                    ,    push 1     // (variable: a)
  DEBUG    root:machine.py:27 TICK: 112,  PC:  12,  AR:   1,  MEM_OUT:  32,  TOS: [1]                   ,    load       // (variable: a)
  DEBUG    root:machine.py:27 TICK: 114,  PC:  13,  AR:   1,  MEM_OUT:  32,  TOS: [32]                  ,    dup        // print_char
  DEBUG    root:machine.py:27 TICK: 115,  PC:  14,  AR:   1,  MEM_OUT:  32,  TOS: [32, 32]              ,    write 0    // print_char
  DEBUG    root:control_unit.py:79 вывод:  
  DEBUG    root:machine.py:27 TICK: 116,  PC:  15,  AR:   1,  MEM_OUT:  32,  TOS: [32]                  ,    pop        // loop_while
  DEBUG    root:machine.py:27 TICK: 117,  PC:  16,  AR:   1,  MEM_OUT:  32,  TOS: []                    ,    jump -12   // loop_while
  DEBUG    root:machine.py:27 TICK: 118,  PC:   5,  AR:   1,  MEM_OUT:  32,  TOS: []                    ,    read 0     // read_char
  DEBUG    root:data_path.py:34 ввод: c
  DEBUG    root:machine.py:27 TICK: 119,  PC:   6,  AR:   1,  MEM_OUT:  32,  TOS: [99]                  ,    push 1     // setq
  DEBUG    root:machine.py:27 TICK: 120,  PC:   7,  AR:   1,  MEM_OUT:  32,  TOS: [1, 99]               ,    store      // setq
  DEBUG    root:machine.py:27 TICK: 122,  PC:   8,  AR:   1,  MEM_OUT:  99,  TOS: [99]                  ,    flags      // loop_while
  DEBUG    root:machine.py:27 TICK: 123,  PC:   9,  AR:   1,  MEM_OUT:  99,  TOS: [99]                  ,    pop        // loop_while
  DEBUG    root:machine.py:27 TICK: 124,  PC:  10,  AR:   1,  MEM_OUT:  99,  TOS: []                    ,    jump_zero 6 // loop_while
  DEBUG    root:machine.py:27 TICK: 125,  PC:  11,  AR:   1,  MEM_OUT:  99,  TOS: []                    ,    push 1     // (variable: a)
  DEBUG    root:machine.py:27 TICK: 126,  PC:  12,  AR:   1,  MEM_OUT:  99,  TOS: [1]                   ,    load       // (variable: a)
  DEBUG    root:machine.py:27 TICK: 128,  PC:  13,  AR:   1,  MEM_OUT:  99,  TOS: [99]                  ,    dup        // print_char
  DEBUG    root:machine.py:27 TICK: 129,  PC:  14,  AR:   1,  MEM_OUT:  99,  TOS: [99, 99]              ,    write 0    // print_char
  DEBUG    root:control_unit.py:79 вывод: c
  DEBUG    root:machine.py:27 TICK: 130,  PC:  15,  AR:   1,  MEM_OUT:  99,  TOS: [99]                  ,    pop        // loop_while
  DEBUG    root:machine.py:27 TICK: 131,  PC:  16,  AR:   1,  MEM_OUT:  99,  TOS: []                    ,    jump -12   // loop_while
  DEBUG    root:machine.py:27 TICK: 132,  PC:   5,  AR:   1,  MEM_OUT:  99,  TOS: []                    ,    read 0     // read_char
  DEBUG    root:data_path.py:34 ввод: a
  DEBUG    root:machine.py:27 TICK: 133,  PC:   6,  AR:   1,  MEM_OUT:  99,  TOS: [97]                  ,    push 1     // setq
  DEBUG    root:machine.py:27 TICK: 134,  PC:   7,  AR:   1,  MEM_OUT:  99,  TOS: [1, 97]               ,    store      // setq
  DEBUG    root:machine.py:27 TICK: 136,  PC:   8,  AR:   1,  MEM_OUT:  97,  TOS: [97]                  ,    flags      // loop_while
  DEBUG    root:machine.py:27 TICK: 137,  PC:   9,  AR:   1,  MEM_OUT:  97,  TOS: [97]                  ,    pop        // loop_while
  DEBUG    root:machine.py:27 TICK: 138,  PC:  10,  AR:   1,  MEM_OUT:  97,  TOS: []                    ,    jump_zero 6 // loop_while
  DEBUG    root:machine.py:27 TICK: 139,  PC:  11,  AR:   1,  MEM_OUT:  97,  TOS: []                    ,    push 1     // (variable: a)
  DEBUG    root:machine.py:27 TICK: 140,  PC:  12,  AR:   1,  MEM_OUT:  97,  TOS: [1]                   ,    load       // (variable: a)
  DEBUG    root:machine.py:27 TICK: 142,  PC:  13,  AR:   1,  MEM_OUT:  97,  TOS: [97]                  ,    dup        // print_char
  DEBUG    root:machine.py:27 TICK: 143,  PC:  14,  AR:   1,  MEM_OUT:  97,  TOS: [97, 97]              ,    write 0    // print_char
  DEBUG    root:control_unit.py:79 вывод: a
  DEBUG    root:machine.py:27 TICK: 144,  PC:  15,  AR:   1,  MEM_OUT:  97,  TOS: [97]                  ,    pop        // loop_while
  DEBUG    root:machine.py:27 TICK: 145,  PC:  16,  AR:   1,  MEM_OUT:  97,  TOS: []                    ,    jump -12   // loop_while
  DEBUG    root:machine.py:27 TICK: 146,  PC:   5,  AR:   1,  MEM_OUT:  97,  TOS: []                    ,    read 0     // read_char
  DEBUG    root:data_path.py:34 ввод: t
  DEBUG    root:machine.py:27 TICK: 147,  PC:   6,  AR:   1,  MEM_OUT:  97,  TOS: [116]                 ,    push 1     // setq
  DEBUG    root:machine.py:27 TICK: 148,  PC:   7,  AR:   1,  MEM_OUT:  97,  TOS: [1, 116]              ,    store      // setq
  DEBUG    root:machine.py:27 TICK: 150,  PC:   8,  AR:   1,  MEM_OUT: 116,  TOS: [116]                 ,    flags      // loop_while
  DEBUG    root:machine.py:27 TICK: 151,  PC:   9,  AR:   1,  MEM_OUT: 116,  TOS: [116]                 ,    pop        // loop_while
  DEBUG    root:machine.py:27 TICK: 152,  PC:  10,  AR:   1,  MEM_OUT: 116,  TOS: []                    ,    jump_zero 6 // loop_while
  DEBUG    root:machine.py:27 TICK: 153,  PC:  11,  AR:   1,  MEM_OUT: 116,  TOS: []                    ,    push 1     // (variable: a)
  DEBUG    root:machine.py:27 TICK: 154,  PC:  12,  AR:   1,  MEM_OUT: 116,  TOS: [1]                   ,    load       // (variable: a)
  DEBUG    root:machine.py:27 TICK: 156,  PC:  13,  AR:   1,  MEM_OUT: 116,  TOS: [116]                 ,    dup        // print_char
  DEBUG    root:machine.py:27 TICK: 157,  PC:  14,  AR:   1,  MEM_OUT: 116,  TOS: [116, 116]            ,    write 0    // print_char
  DEBUG    root:control_unit.py:79 вывод: t
  DEBUG    root:machine.py:27 TICK: 158,  PC:  15,  AR:   1,  MEM_OUT: 116,  TOS: [116]                 ,    pop        // loop_while
  DEBUG    root:machine.py:27 TICK: 159,  PC:  16,  AR:   1,  MEM_OUT: 116,  TOS: []                    ,    jump -12   // loop_while
  DEBUG    root:machine.py:27 TICK: 160,  PC:   5,  AR:   1,  MEM_OUT: 116,  TOS: []                    ,    read 0     // read_char
  DEBUG    root:data_path.py:34 ввод:  
  DEBUG    root:machine.py:27 TICK: 161,  PC:   6,  AR:   1,  MEM_OUT: 116,  TOS: [32]                  ,    push 1     // setq
  DEBUG    root:machine.py:27 TICK: 162,  PC:   7,  AR:   1,  MEM_OUT: 116,  TOS: [1, 32]               ,    store      // setq
  DEBUG    root:machine.py:27 TICK: 164,  PC:   8,  AR:   1,  MEM_OUT:  32,  TOS: [32]                  ,    flags      // loop_while
  DEBUG    root:machine.py:27 TICK: 165,  PC:   9,  AR:   1,  MEM_OUT:  32,  TOS: [32]                  ,    pop        // loop_while
  DEBUG    root:machine.py:27 TICK: 166,  PC:  10,  AR:   1,  MEM_OUT:  32,  TOS: []                    ,    jump_zero 6 // loop_while
  DEBUG    root:machine.py:27 TICK: 167,  PC:  11,  AR:   1,  MEM_OUT:  32,  TOS: []                    ,    push 1     // (variable: a)
  DEBUG    root:machine.py:27 TICK: 168,  PC:  12,  AR:   1,  MEM_OUT:  32,  TOS: [1]                   ,    load       // (variable: a)
  DEBUG    root:machine.py:27 TICK: 170,  PC:  13,  AR:   1,  MEM_OUT:  32,  TOS: [32]                  ,    dup        // print_char
  DEBUG    root:machine.py:27 TICK: 171,  PC:  14,  AR:   1,  MEM_OUT:  32,  TOS: [32, 32]              ,    write 0    // print_char
  DEBUG    root:control_unit.py:79 вывод:  
  DEBUG    root:machine.py:27 TICK: 172,  PC:  15,  AR:   1,  MEM_OUT:  32,  TOS: [32]                  ,    pop        // loop_while
  DEBUG    root:machine.py:27 TICK: 173,  PC:  16,  AR:   1,  MEM_OUT:  32,  TOS: []                    ,    jump -12   // loop_while
  DEBUG    root:machine.py:27 TICK: 174,  PC:   5,  AR:   1,  MEM_OUT:  32,  TOS: []                    ,    read 0     // read_char
  DEBUG    root:data_path.py:34 ввод: t
  DEBUG    root:machine.py:27 TICK: 175,  PC:   6,  AR:   1,  MEM_OUT:  32,  TOS: [116]                 ,    push 1     // setq
  DEBUG    root:machine.py:27 TICK: 176,  PC:   7,  AR:   1,  MEM_OUT:  32,  TOS: [1, 116]              ,    store      // setq
  DEBUG    root:machine.py:27 TICK: 178,  PC:   8,  AR:   1,  MEM_OUT: 116,  TOS: [116]                 ,    flags      // loop_while
  DEBUG    root:machine.py:27 TICK: 179,  PC:   9,  AR:   1,  MEM_OUT: 116,  TOS: [116]                 ,    pop        // loop_while
  DEBUG    root:machine.py:27 TICK: 180,  PC:  10,  AR:   1,  MEM_OUT: 116,  TOS: []                    ,    jump_zero 6 // loop_while
  DEBUG    root:machine.py:27 TICK: 181,  PC:  11,  AR:   1,  MEM_OUT: 116,  TOS: []                    ,    push 1     // (variable: a)
  DEBUG    root:machine.py:27 TICK: 182,  PC:  12,  AR:   1,  MEM_OUT: 116,  TOS: [1]                   ,    load       // (variable: a)
  DEBUG    root:machine.py:27 TICK: 184,  PC:  13,  AR:   1,  MEM_OUT: 116,  TOS: [116]                 ,    dup        // print_char
  DEBUG    root:machine.py:27 TICK: 185,  PC:  14,  AR:   1,  MEM_OUT: 116,  TOS: [116, 116]            ,    write 0    // print_char
  DEBUG    root:control_unit.py:79 вывод: t
  DEBUG    root:machine.py:27 TICK: 186,  PC:  15,  AR:   1,  MEM_OUT: 116,  TOS: [116]                 ,    pop        // loop_while
  DEBUG    root:machine.py:27 TICK: 187,  PC:  16,  AR:   1,  MEM_OUT: 116,  TOS: []                    ,    jump -12   // loop_while
  DEBUG    root:machine.py:27 TICK: 188,  PC:   5,  AR:   1,  MEM_OUT: 116,  TOS: []                    ,    read 0     // read_char
  DEBUG    root:data_path.py:34 ввод: e
  DEBUG    root:machine.py:27 TICK: 189,  PC:   6,  AR:   1,  MEM_OUT: 116,  TOS: [101]                 ,    push 1     // setq
  DEBUG    root:machine.py:27 TICK: 190,  PC:   7,  AR:   1,  MEM_OUT: 116,  TOS: [1, 101]              ,    store      // setq
  DEBUG    root:machine.py:27 TICK: 192,  PC:   8,  AR:   1,  MEM_OUT: 101,  TOS: [101]                 ,    flags      // loop_while
  DEBUG    root:machine.py:27 TICK: 193,  PC:   9,  AR:   1,  MEM_OUT: 101,  TOS: [101]                 ,    pop        // loop_while
  DEBUG    root:machine.py:27 TICK: 194,  PC:  10,  AR:   1,  MEM_OUT: 101,  TOS: []                    ,    jump_zero 6 // loop_while
  DEBUG    root:machine.py:27 TICK: 195,  PC:  11,  AR:   1,  MEM_OUT: 101,  TOS: []                    ,    push 1     // (variable: a)
  DEBUG    root:machine.py:27 TICK: 196,  PC:  12,  AR:   1,  MEM_OUT: 101,  TOS: [1]                   ,    load       // (variable: a)
  DEBUG    root:machine.py:27 TICK: 198,  PC:  13,  AR:   1,  MEM_OUT: 101,  TOS: [101]                 ,    dup        // print_char
  DEBUG    root:machine.py:27 TICK: 199,  PC:  14,  AR:   1,  MEM_OUT: 101,  TOS: [101, 101]            ,    write 0    // print_char
  DEBUG    root:control_unit.py:79 вывод: e
  DEBUG    root:machine.py:27 TICK: 200,  PC:  15,  AR:   1,  MEM_OUT: 101,  TOS: [101]                 ,    pop        // loop_while
  DEBUG    root:machine.py:27 TICK: 201,  PC:  16,  AR:   1,  MEM_OUT: 101,  TOS: []                    ,    jump -12   // loop_while
  DEBUG    root:machine.py:27 TICK: 202,  PC:   5,  AR:   1,  MEM_OUT: 101,  TOS: []                    ,    read 0     // read_char
  DEBUG    root:data_path.py:34 ввод: s
  DEBUG    root:machine.py:27 TICK: 203,  PC:   6,  AR:   1,  MEM_OUT: 101,  TOS: [115]                 ,    push 1     // setq
  DEBUG    root:machine.py:27 TICK: 204,  PC:   7,  AR:   1,  MEM_OUT: 101,  TOS: [1, 115]              ,    store      // setq
  DEBUG    root:machine.py:27 TICK: 206,  PC:   8,  AR:   1,  MEM_OUT: 115,  TOS: [115]                 ,    flags      // loop_while
  DEBUG    root:machine.py:27 TICK: 207,  PC:   9,  AR:   1,  MEM_OUT: 115,  TOS: [115]                 ,    pop        // loop_while
  DEBUG    root:machine.py:27 TICK: 208,  PC:  10,  AR:   1,  MEM_OUT: 115,  TOS: []                    ,    jump_zero 6 // loop_while
  DEBUG    root:machine.py:27 TICK: 209,  PC:  11,  AR:   1,  MEM_OUT: 115,  TOS: []                    ,    push 1     // (variable: a)
  DEBUG    root:machine.py:27 TICK: 210,  PC:  12,  AR:   1,  MEM_OUT: 115,  TOS: [1]                   ,    load       // (variable: a)
  DEBUG    root:machine.py:27 TICK: 212,  PC:  13,  AR:   1,  MEM_OUT: 115,  TOS: [115]                 ,    dup        // print_char
  DEBUG    root:machine.py:27 TICK: 213,  PC:  14,  AR:   1,  MEM_OUT: 115,  TOS: [115, 115]            ,    write 0    // print_char
  DEBUG    root:control_unit.py:79 вывод: s
  DEBUG    root:machine.py:27 TICK: 214,  PC:  15,  AR:   1,  MEM_OUT: 115,  TOS: [115]                 ,    pop        // loop_while
  DEBUG    root:machine.py:27 TICK: 215,  PC:  16,  AR:   1,  MEM_OUT: 115,  TOS: []                    ,    jump -12   // loop_while
  DEBUG    root:machine.py:27 TICK: 216,  PC:   5,  AR:   1,  MEM_OUT: 115,  TOS: []                    ,    read 0     // read_char
  DEBUG    root:data_path.py:34 ввод: t
  DEBUG    root:machine.py:27 TICK: 217,  PC:   6,  AR:   1,  MEM_OUT: 115,  TOS: [116]                 ,    push 1     // setq
  DEBUG    root:machine.py:27 TICK: 218,  PC:   7,  AR:   1,  MEM_OUT: 115,  TOS: [1, 116]              ,    store      // setq
  DEBUG    root:machine.py:27 TICK: 220,  PC:   8,  AR:   1,  MEM_OUT: 116,  TOS: [116]                 ,    flags      // loop_while
  DEBUG    root:machine.py:27 TICK: 221,  PC:   9,  AR:   1,  MEM_OUT: 116,  TOS: [116]                 ,    pop        // loop_while
  DEBUG    root:machine.py:27 TICK: 222,  PC:  10,  AR:   1,  MEM_OUT: 116,  TOS: []                    ,    jump_zero 6 // loop_while
  DEBUG    root:machine.py:27 TICK: 223,  PC:  11,  AR:   1,  MEM_OUT: 116,  TOS: []                    ,    push 1     // (variable: a)
  DEBUG    root:machine.py:27 TICK: 224,  PC:  12,  AR:   1,  MEM_OUT: 116,  TOS: [1]                   ,    load       // (variable: a)
  DEBUG    root:machine.py:27 TICK: 226,  PC:  13,  AR:   1,  MEM_OUT: 116,  TOS: [116]                 ,    dup        // print_char
  DEBUG    root:machine.py:27 TICK: 227,  PC:  14,  AR:   1,  MEM_OUT: 116,  TOS: [116, 116]            ,    write 0    // print_char
  DEBUG    root:control_unit.py:79 вывод: t
  DEBUG    root:machine.py:27 TICK: 228,  PC:  15,  AR:   1,  MEM_OUT: 116,  TOS: [116]                 ,    pop        // loop_while
  DEBUG    root:machine.py:27 TICK: 229,  PC:  16,  AR:   1,  MEM_OUT: 116,  TOS: []                    ,    jump -12   // loop_while
  DEBUG    root:machine.py:27 TICK: 230,  PC:   5,  AR:   1,  MEM_OUT: 116,  TOS: []                    ,    read 0     // read_char
  DEBUG    root:data_path.py:34 ввод: \0
  DEBUG    root:machine.py:27 TICK: 231,  PC:   6,  AR:   1,  MEM_OUT: 116,  TOS: [0]                   ,    push 1     // setq
  DEBUG    root:machine.py:27 TICK: 232,  PC:   7,  AR:   1,  MEM_OUT: 116,  TOS: [1, 0]                ,    store      // setq
  DEBUG    root:machine.py:27 TICK: 234,  PC:   8,  AR:   1,  MEM_OUT:   0,  TOS: [0]                   ,    flags      // loop_while
  DEBUG    root:machine.py:27 TICK: 235,  PC:   9,  AR:   1,  MEM_OUT:   0,  TOS: [0]                   ,    pop        // loop_while
  DEBUG    root:machine.py:27 TICK: 236,  PC:  10,  AR:   1,  MEM_OUT:   0,  TOS: []                    ,    jump_zero 6 // loop_while
  DEBUG    root:machine.py:27 TICK: 237,  PC:  17,  AR:   1,  MEM_OUT:   0,  TOS: []                    ,    push 0     // loop_while
  DEBUG    root:machine.py:27 TICK: 238,  PC:  18,  AR:   1,  MEM_OUT:   0,  TOS: [0]                   ,    pop        // (top-level expression)
  DEBUG    root:machine.py:27 TICK: 239,  PC:  19,  AR:   1,  MEM_OUT:   0,  TOS: []                    ,    halt      
